// Jest Snapshot v1, https://goo.gl/fbAQLP

exports[`dropdown should match snapshot 1`] = `
<div
  class="sc-AxjAm emNQGb"
  data-testid="dropdown"
>
  <input
    aria-label="input-field"
    value="Choose an option"
  />
  <ul
    data-testid="options"
  >
    <li
      id="Choose an option"
    >
      Choose an option
    </li>
  </ul>
</div>
`;
